Archive member included because of file (symbol)

../nios_test_bsp/\libhal_bsp.a(alt_load.o)
                              ../nios_test_bsp//obj/HAL/src/crt0.o (alt_load)
../nios_test_bsp/\libhal_bsp.a(alt_main.o)
                              ../nios_test_bsp//obj/HAL/src/crt0.o (alt_main)
../nios_test_bsp/\libhal_bsp.a(alt_putstr.o)
                              obj/default/hello_world_small.o (alt_putstr)
../nios_test_bsp/\libhal_bsp.a(alt_sys_init.o)
                              ../nios_test_bsp/\libhal_bsp.a(alt_main.o) (alt_sys_init)
../nios_test_bsp/\libhal_bsp.a(altera_avalon_jtag_uart_write.o)
                              ../nios_test_bsp/\libhal_bsp.a(alt_putstr.o) (altera_avalon_jtag_uart_write)
../nios_test_bsp/\libhal_bsp.a(alt_dcache_flush_all.o)
                              ../nios_test_bsp/\libhal_bsp.a(alt_load.o) (alt_dcache_flush_all)
../nios_test_bsp/\libhal_bsp.a(alt_icache_flush_all.o)
                              ../nios_test_bsp/\libhal_bsp.a(alt_load.o) (alt_icache_flush_all)
../nios_test_bsp/\libhal_bsp.a(altera_nios2_qsys_irq.o)
                              ../nios_test_bsp/\libhal_bsp.a(alt_sys_init.o) (altera_nios2_qsys_irq_init)
c:/altera/13.0/nios2eds/bin/gnu/h-i686-mingw32/bin/../lib/gcc/nios2-elf/4.1.2/../../../../nios2-elf/lib/mno-hw-mul\libsmallc.a(lib_a-strlen.o)
                              ../nios_test_bsp/\libhal_bsp.a(alt_putstr.o) (strlen)

Memory Configuration

Name             Origin             Length             Attributes
reset            0x00000000         0x00000020
RAM              0x00000020         0x00000fe0
*default*        0x00000000         0xffffffff

Linker script and memory map

LOAD ../nios_test_bsp//obj/HAL/src/crt0.o
                0x0000000c                exit = _exit
LOAD obj/default/hello_world_small.o
LOAD c:/altera/13.0/nios2eds/bin/gnu/h-i686-mingw32/bin/../lib/gcc/nios2-elf/4.1.2/../../../../nios2-elf/lib/mno-hw-mul\libstdc++.a
LOAD c:/altera/13.0/nios2eds/bin/gnu/h-i686-mingw32/bin/../lib/gcc/nios2-elf/4.1.2/../../../../nios2-elf/lib/mno-hw-mul\libm.a
LOAD c:/altera/13.0/nios2eds/bin/gnu/h-i686-mingw32/bin/../lib/gcc/nios2-elf/4.1.2/mno-hw-mul\libgcc.a
START GROUP
LOAD c:/altera/13.0/nios2eds/bin/gnu/h-i686-mingw32/bin/../lib/gcc/nios2-elf/4.1.2/../../../../nios2-elf/lib/mno-hw-mul\libsmallc.a
LOAD c:/altera/13.0/nios2eds/bin/gnu/h-i686-mingw32/bin/../lib/gcc/nios2-elf/4.1.2/mno-hw-mul\libgcc.a
LOAD ../nios_test_bsp/\libhal_bsp.a
END GROUP
LOAD c:/altera/13.0/nios2eds/bin/gnu/h-i686-mingw32/bin/../lib/gcc/nios2-elf/4.1.2/mno-hw-mul\libgcc.a
                0x00000000                __alt_mem_RAM = 0x0

.entry          0x00000000       0x20
 *(.entry)
 .entry         0x00000000       0x20 ../nios_test_bsp//obj/HAL/src/crt0.o
                0x00000000                __reset
                0x0000000c                _exit

.exceptions     0x00000020        0x0
                0x00000020                PROVIDE (__ram_exceptions_start, ABSOLUTE (.))
                0x00000020                . = ALIGN (0x20)
 *(.irq)
 *(.exceptions.entry.label)
 *(.exceptions.entry.user)
 *(.exceptions.entry)
 *(.exceptions.irqtest.user)
 *(.exceptions.irqtest)
 *(.exceptions.irqhandler.user)
 *(.exceptions.irqhandler)
 *(.exceptions.irqreturn.user)
 *(.exceptions.irqreturn)
 *(.exceptions.notirq.label)
 *(.exceptions.notirq.user)
 *(.exceptions.notirq)
 *(.exceptions.soft.user)
 *(.exceptions.soft)
 *(.exceptions.unknown.user)
 *(.exceptions.unknown)
 *(.exceptions.exit.label)
 *(.exceptions.exit.user)
 *(.exceptions.exit)
 *(.exceptions)
                0x00000020                PROVIDE (__ram_exceptions_end, ABSOLUTE (.))
                0x00000020                PROVIDE (__flash_exceptions_start, LOADADDR (.exceptions))

.text           0x00000020      0x228
                0x00000020                PROVIDE (stext, ABSOLUTE (.))
 *(.interp)
 *(.hash)
 *(.dynsym)
 *(.dynstr)
 *(.gnu.version)
 *(.gnu.version_d)
 *(.gnu.version_r)
 *(.rel.init)
 *(.rela.init)
 *(.rel.text .rel.text.* .rel.gnu.linkonce.t.*)
 *(.rela.text .rela.text.* .rela.gnu.linkonce.t.*)
 *(.rel.fini)
 *(.rela.fini)
 *(.rel.rodata .rel.rodata.* .rel.gnu.linkonce.r.*)
 *(.rela.rodata .rela.rodata.* .rela.gnu.linkonce.r.*)
 *(.rel.data .rel.data.* .rel.gnu.linkonce.d.*)
 *(.rela.data .rela.data.* .rela.gnu.linkonce.d.*)
 *(.rel.tdata .rel.tdata.* .rel.gnu.linkonce.td.*)
 *(.rela.tdata .rela.tdata.* .rela.gnu.linkonce.td.*)
 *(.rel.tbss .rel.tbss.* .rel.gnu.linkonce.tb.*)
 *(.rela.tbss .rela.tbss.* .rela.gnu.linkonce.tb.*)
 *(.rel.ctors)
 *(.rela.ctors)
 *(.rel.dtors)
 *(.rela.dtors)
 *(.rel.got)
 *(.rela.got)
 *(.rel.sdata .rel.sdata.* .rel.gnu.linkonce.s.*)
 *(.rela.sdata .rela.sdata.* .rela.gnu.linkonce.s.*)
 *(.rel.sbss .rel.sbss.* .rel.gnu.linkonce.sb.*)
 *(.rela.sbss .rela.sbss.* .rela.gnu.linkonce.sb.*)
 *(.rel.sdata2 .rel.sdata2.* .rel.gnu.linkonce.s2.*)
 *(.rela.sdata2 .rela.sdata2.* .rela.gnu.linkonce.s2.*)
 *(.rel.sbss2 .rel.sbss2.* .rel.gnu.linkonce.sb2.*)
 *(.rela.sbss2 .rela.sbss2.* .rela.gnu.linkonce.sb2.*)
 *(.rel.bss .rel.bss.* .rel.gnu.linkonce.b.*)
 *(.rela.bss .rela.bss.* .rela.gnu.linkonce.b.*)
 *(.rel.plt)
 *(.rela.plt)
 *(.rel.dyn)
 *(.init)
 *(.plt)
 *(.text .stub .text.* .gnu.linkonce.t.*)
 .text          0x00000020       0x3c ../nios_test_bsp//obj/HAL/src/crt0.o
                0x00000020                _start
 .text          0x0000005c       0x74 obj/default/hello_world_small.o
                0x0000005c                main
 .text          0x000000d0       0x8c ../nios_test_bsp/\libhal_bsp.a(alt_load.o)
                0x000000f0                alt_load
 .text          0x0000015c       0x2c ../nios_test_bsp/\libhal_bsp.a(alt_main.o)
                0x0000015c                alt_main
 .text          0x00000188       0x38 ../nios_test_bsp/\libhal_bsp.a(alt_putstr.o)
                0x00000188                alt_putstr
 .text          0x000001c0       0x24 ../nios_test_bsp/\libhal_bsp.a(alt_sys_init.o)
                0x000001c0                alt_sys_init
                0x000001c4                alt_irq_init
 .text          0x000001e4       0x34 ../nios_test_bsp/\libhal_bsp.a(altera_avalon_jtag_uart_write.o)
                0x000001e4                altera_avalon_jtag_uart_write
 .text          0x00000218        0x4 ../nios_test_bsp/\libhal_bsp.a(alt_dcache_flush_all.o)
                0x00000218                alt_dcache_flush_all
 .text          0x0000021c        0x4 ../nios_test_bsp/\libhal_bsp.a(alt_icache_flush_all.o)
                0x0000021c                alt_icache_flush_all
 .text          0x00000220        0x8 ../nios_test_bsp/\libhal_bsp.a(altera_nios2_qsys_irq.o)
                0x00000220                altera_nios2_qsys_irq_init
 .text          0x00000228       0x20 c:/altera/13.0/nios2eds/bin/gnu/h-i686-mingw32/bin/../lib/gcc/nios2-elf/4.1.2/../../../../nios2-elf/lib/mno-hw-mul\libsmallc.a(lib_a-strlen.o)
                0x00000228                strlen
 *(.gnu.warning.*)
 *(.fini)
                0x00000248                PROVIDE (__etext, ABSOLUTE (.))
                0x00000248                PROVIDE (_etext, ABSOLUTE (.))
                0x00000248                PROVIDE (etext, ABSOLUTE (.))
 *(.eh_frame_hdr)
                0x00000248                . = ALIGN (0x4)
                0x00000248                PROVIDE (__preinit_array_start, ABSOLUTE (.))
 *(.preinit_array)
                0x00000248                PROVIDE (__preinit_array_end, ABSOLUTE (.))
                0x00000248                PROVIDE (__init_array_start, ABSOLUTE (.))
 *(.init_array)
                0x00000248                PROVIDE (__init_array_end, ABSOLUTE (.))
                0x00000248                PROVIDE (__fini_array_start, ABSOLUTE (.))
 *(.fini_array)
                0x00000248                PROVIDE (__fini_array_end, ABSOLUTE (.))
 *(.eh_frame)
 *(.gcc_except_table)
 *(.dynamic)
                0x00000248                PROVIDE (__CTOR_LIST__, ABSOLUTE (.))
 *(.ctors)
 *(SORT(.ctors.*))
                0x00000248                PROVIDE (__CTOR_END__, ABSOLUTE (.))
                0x00000248                PROVIDE (__DTOR_LIST__, ABSOLUTE (.))
 *(.dtors)
 *(SORT(.dtors.*))
                0x00000248                PROVIDE (__DTOR_END__, ABSOLUTE (.))
 *(.jcr)
                0x00000248                . = ALIGN (0x4)

.rodata         0x00000248       0x18
                0x00000248                PROVIDE (__ram_rodata_start, ABSOLUTE (.))
                0x00000248                . = ALIGN (0x4)
 *(.rodata .rodata.* .gnu.linkonce.r.*)
 .rodata.str1.1
                0x00000248       0x15 obj/default/hello_world_small.o
 *(.rodata1)
                0x00000260                . = ALIGN (0x4)
 *fill*         0x0000025d        0x3 00
                0x00000260                PROVIDE (__ram_rodata_end, ABSOLUTE (.))
                0x00000248                PROVIDE (__flash_rodata_start, LOADADDR (.rodata))

.rwdata         0x00000260        0x4 load address 0x00000264
                0x00000260                PROVIDE (__ram_rwdata_start, ABSOLUTE (.))
                0x00000260                . = ALIGN (0x4)
 *(.got.plt)
 *(.got)
 *(.data1)
 *(.data .data.* .gnu.linkonce.d.*)
 .data          0x00000260        0x0 ../nios_test_bsp//obj/HAL/src/crt0.o
 .data          0x00000260        0x0 obj/default/hello_world_small.o
 .data          0x00000260        0x0 ../nios_test_bsp/\libhal_bsp.a(alt_load.o)
 .data          0x00000260        0x0 ../nios_test_bsp/\libhal_bsp.a(alt_main.o)
 .data          0x00000260        0x0 ../nios_test_bsp/\libhal_bsp.a(alt_putstr.o)
 .data          0x00000260        0x0 ../nios_test_bsp/\libhal_bsp.a(alt_sys_init.o)
 .data          0x00000260        0x0 ../nios_test_bsp/\libhal_bsp.a(altera_avalon_jtag_uart_write.o)
 .data          0x00000260        0x0 ../nios_test_bsp/\libhal_bsp.a(alt_dcache_flush_all.o)
 .data          0x00000260        0x0 ../nios_test_bsp/\libhal_bsp.a(alt_icache_flush_all.o)
 .data          0x00000260        0x0 ../nios_test_bsp/\libhal_bsp.a(altera_nios2_qsys_irq.o)
 .data          0x00000260        0x0 c:/altera/13.0/nios2eds/bin/gnu/h-i686-mingw32/bin/../lib/gcc/nios2-elf/4.1.2/../../../../nios2-elf/lib/mno-hw-mul\libsmallc.a(lib_a-strlen.o)
                0x00008260                _gp = ABSOLUTE ((. + 0x8000))
                0x00008260                PROVIDE (gp, _gp)
 *(.rwdata .rwdata.*)
 *(.sdata .sdata.* .gnu.linkonce.s.*)
 .sdata         0x00000260        0x4 ../nios_test_bsp/\libhal_bsp.a(alt_sys_init.o)
                0x00000260                JTAG
 *(.sdata2 .sdata2.* .gnu.linkonce.s2.*)
                0x00000264                . = ALIGN (0x4)
                0x00000264                _edata = ABSOLUTE (.)
                0x00000264                PROVIDE (edata, ABSOLUTE (.))
                0x00000264                PROVIDE (__ram_rwdata_end, ABSOLUTE (.))
                0x00000264                PROVIDE (__flash_rwdata_start, LOADADDR (.rwdata))

.bss            0x00000268        0xc
                0x00000268                __bss_start = ABSOLUTE (.)
                0x00000268                PROVIDE (__sbss_start, ABSOLUTE (.))
                0x00000268                PROVIDE (___sbss_start, ABSOLUTE (.))
 *(.dynsbss)
 *(.sbss .sbss.* .gnu.linkonce.sb.*)
 .sbss          0x00000268        0xc ../nios_test_bsp/\libhal_bsp.a(alt_main.o)
                0x00000268                alt_argc
                0x0000026c                alt_argv
                0x00000270                alt_envp
 *(.sbss2 .sbss2.* .gnu.linkonce.sb2.*)
 *(.scommon)
                0x00000274                PROVIDE (__sbss_end, ABSOLUTE (.))
                0x00000274                PROVIDE (___sbss_end, ABSOLUTE (.))
 *(.dynbss)
 *(.bss .bss.* .gnu.linkonce.b.*)
 .bss           0x00000274        0x0 ../nios_test_bsp//obj/HAL/src/crt0.o
 .bss           0x00000274        0x0 obj/default/hello_world_small.o
 .bss           0x00000274        0x0 ../nios_test_bsp/\libhal_bsp.a(alt_load.o)
 .bss           0x00000274        0x0 ../nios_test_bsp/\libhal_bsp.a(alt_main.o)
 .bss           0x00000274        0x0 ../nios_test_bsp/\libhal_bsp.a(alt_putstr.o)
 .bss           0x00000274        0x0 ../nios_test_bsp/\libhal_bsp.a(alt_sys_init.o)
 .bss           0x00000274        0x0 ../nios_test_bsp/\libhal_bsp.a(altera_avalon_jtag_uart_write.o)
 .bss           0x00000274        0x0 ../nios_test_bsp/\libhal_bsp.a(alt_dcache_flush_all.o)
 .bss           0x00000274        0x0 ../nios_test_bsp/\libhal_bsp.a(alt_icache_flush_all.o)
 .bss           0x00000274        0x0 ../nios_test_bsp/\libhal_bsp.a(altera_nios2_qsys_irq.o)
 .bss           0x00000274        0x0 c:/altera/13.0/nios2eds/bin/gnu/h-i686-mingw32/bin/../lib/gcc/nios2-elf/4.1.2/../../../../nios2-elf/lib/mno-hw-mul\libsmallc.a(lib_a-strlen.o)
 *(COMMON)
                0x00000274                . = ALIGN (0x4)
                0x00000274                __bss_end = ABSOLUTE (.)

.RAM            0x00000274        0x0
                0x00000274                PROVIDE (_alt_partition_RAM_start, ABSOLUTE (.))
 *(.RAM. RAM.*)
                0x00000274                . = ALIGN (0x4)
                0x00000274                PROVIDE (_alt_partition_RAM_end, ABSOLUTE (.))
                0x00000274                _end = ABSOLUTE (.)
                0x00000274                end = ABSOLUTE (.)
                0x00000274                __alt_stack_base = ABSOLUTE (.)
                0x00000274                PROVIDE (_alt_partition_RAM_load_addr, LOADADDR (.RAM))

.stab
 *(.stab)

.stabstr
 *(.stabstr)

.stab.excl
 *(.stab.excl)

.stab.exclstr
 *(.stab.exclstr)

.stab.index
 *(.stab.index)

.stab.indexstr
 *(.stab.indexstr)

.comment        0x00000000       0x23
 *(.comment)
 .comment       0x00000000       0x23 obj/default/hello_world_small.o
                                 0x24 (size before relaxing)
 .comment       0x00000000       0x24 ../nios_test_bsp/\libhal_bsp.a(alt_load.o)
 .comment       0x00000000       0x24 ../nios_test_bsp/\libhal_bsp.a(alt_main.o)
 .comment       0x00000000       0x24 ../nios_test_bsp/\libhal_bsp.a(alt_putstr.o)
 .comment       0x00000000       0x24 ../nios_test_bsp/\libhal_bsp.a(alt_sys_init.o)
 .comment       0x00000000       0x24 ../nios_test_bsp/\libhal_bsp.a(altera_avalon_jtag_uart_write.o)
 .comment       0x00000000       0x24 ../nios_test_bsp/\libhal_bsp.a(alt_dcache_flush_all.o)
 .comment       0x00000000       0x24 ../nios_test_bsp/\libhal_bsp.a(alt_icache_flush_all.o)
 .comment       0x00000000       0x24 ../nios_test_bsp/\libhal_bsp.a(altera_nios2_qsys_irq.o)
 .comment       0x00000000       0x24 c:/altera/13.0/nios2eds/bin/gnu/h-i686-mingw32/bin/../lib/gcc/nios2-elf/4.1.2/../../../../nios2-elf/lib/mno-hw-mul\libsmallc.a(lib_a-strlen.o)

.debug
 *(.debug)

.line
 *(.line)

.debug_srcinfo
 *(.debug_srcinfo)

.debug_sfnames
 *(.debug_sfnames)

.debug_aranges  0x00000000      0x168
 *(.debug_aranges)
 .debug_aranges
                0x00000000       0x28 ../nios_test_bsp//obj/HAL/src/crt0.o
 .debug_aranges
                0x00000028       0x20 obj/default/hello_world_small.o
 .debug_aranges
                0x00000048       0x20 ../nios_test_bsp/\libhal_bsp.a(alt_load.o)
 .debug_aranges
                0x00000068       0x20 ../nios_test_bsp/\libhal_bsp.a(alt_main.o)
 .debug_aranges
                0x00000088       0x20 ../nios_test_bsp/\libhal_bsp.a(alt_putstr.o)
 .debug_aranges
                0x000000a8       0x20 ../nios_test_bsp/\libhal_bsp.a(alt_sys_init.o)
 .debug_aranges
                0x000000c8       0x20 ../nios_test_bsp/\libhal_bsp.a(altera_avalon_jtag_uart_write.o)
 .debug_aranges
                0x000000e8       0x20 ../nios_test_bsp/\libhal_bsp.a(alt_dcache_flush_all.o)
 .debug_aranges
                0x00000108       0x20 ../nios_test_bsp/\libhal_bsp.a(alt_icache_flush_all.o)
 .debug_aranges
                0x00000128       0x20 ../nios_test_bsp/\libhal_bsp.a(altera_nios2_qsys_irq.o)
 .debug_aranges
                0x00000148       0x20 c:/altera/13.0/nios2eds/bin/gnu/h-i686-mingw32/bin/../lib/gcc/nios2-elf/4.1.2/../../../../nios2-elf/lib/mno-hw-mul\libsmallc.a(lib_a-strlen.o)

.debug_pubnames
                0x00000000      0x1b6
 *(.debug_pubnames)
 .debug_pubnames
                0x00000000       0x1b obj/default/hello_world_small.o
 .debug_pubnames
                0x0000001b       0x1f ../nios_test_bsp/\libhal_bsp.a(alt_load.o)
 .debug_pubnames
                0x0000003a       0x46 ../nios_test_bsp/\libhal_bsp.a(alt_main.o)
 .debug_pubnames
                0x00000080       0x21 ../nios_test_bsp/\libhal_bsp.a(alt_putstr.o)
 .debug_pubnames
                0x000000a1       0x3d ../nios_test_bsp/\libhal_bsp.a(alt_sys_init.o)
 .debug_pubnames
                0x000000de       0x34 ../nios_test_bsp/\libhal_bsp.a(altera_avalon_jtag_uart_write.o)
 .debug_pubnames
                0x00000112       0x2b ../nios_test_bsp/\libhal_bsp.a(alt_dcache_flush_all.o)
 .debug_pubnames
                0x0000013d       0x2b ../nios_test_bsp/\libhal_bsp.a(alt_icache_flush_all.o)
 .debug_pubnames
                0x00000168       0x31 ../nios_test_bsp/\libhal_bsp.a(altera_nios2_qsys_irq.o)
 .debug_pubnames
                0x00000199       0x1d c:/altera/13.0/nios2eds/bin/gnu/h-i686-mingw32/bin/../lib/gcc/nios2-elf/4.1.2/../../../../nios2-elf/lib/mno-hw-mul\libsmallc.a(lib_a-strlen.o)

.debug_info     0x00000000      0xa12
 *(.debug_info .gnu.linkonce.wi.*)
 .debug_info    0x00000000       0x61 ../nios_test_bsp//obj/HAL/src/crt0.o
 .debug_info    0x00000061       0x9c obj/default/hello_world_small.o
 .debug_info    0x000000fd      0x12e ../nios_test_bsp/\libhal_bsp.a(alt_load.o)
 .debug_info    0x0000022b      0x14f ../nios_test_bsp/\libhal_bsp.a(alt_main.o)
 .debug_info    0x0000037a       0xc5 ../nios_test_bsp/\libhal_bsp.a(alt_putstr.o)
 .debug_info    0x0000043f      0x197 ../nios_test_bsp/\libhal_bsp.a(alt_sys_init.o)
 .debug_info    0x000005d6      0x1a9 ../nios_test_bsp/\libhal_bsp.a(altera_avalon_jtag_uart_write.o)
 .debug_info    0x0000077f       0x8d ../nios_test_bsp/\libhal_bsp.a(alt_dcache_flush_all.o)
 .debug_info    0x0000080c       0x8d ../nios_test_bsp/\libhal_bsp.a(alt_icache_flush_all.o)
 .debug_info    0x00000899       0xb7 ../nios_test_bsp/\libhal_bsp.a(altera_nios2_qsys_irq.o)
 .debug_info    0x00000950       0xc2 c:/altera/13.0/nios2eds/bin/gnu/h-i686-mingw32/bin/../lib/gcc/nios2-elf/4.1.2/../../../../nios2-elf/lib/mno-hw-mul\libsmallc.a(lib_a-strlen.o)

.debug_abbrev   0x00000000      0x558
 *(.debug_abbrev)
 .debug_abbrev  0x00000000       0x12 ../nios_test_bsp//obj/HAL/src/crt0.o
 .debug_abbrev  0x00000012       0x57 obj/default/hello_world_small.o
 .debug_abbrev  0x00000069       0x97 ../nios_test_bsp/\libhal_bsp.a(alt_load.o)
 .debug_abbrev  0x00000100       0xad ../nios_test_bsp/\libhal_bsp.a(alt_main.o)
 .debug_abbrev  0x000001ad       0x7c ../nios_test_bsp/\libhal_bsp.a(alt_putstr.o)
 .debug_abbrev  0x00000229       0xe3 ../nios_test_bsp/\libhal_bsp.a(alt_sys_init.o)
 .debug_abbrev  0x0000030c       0xf0 ../nios_test_bsp/\libhal_bsp.a(altera_avalon_jtag_uart_write.o)
 .debug_abbrev  0x000003fc       0x3f ../nios_test_bsp/\libhal_bsp.a(alt_dcache_flush_all.o)
 .debug_abbrev  0x0000043b       0x3f ../nios_test_bsp/\libhal_bsp.a(alt_icache_flush_all.o)
 .debug_abbrev  0x0000047a       0x64 ../nios_test_bsp/\libhal_bsp.a(altera_nios2_qsys_irq.o)
 .debug_abbrev  0x000004de       0x7a c:/altera/13.0/nios2eds/bin/gnu/h-i686-mingw32/bin/../lib/gcc/nios2-elf/4.1.2/../../../../nios2-elf/lib/mno-hw-mul\libsmallc.a(lib_a-strlen.o)

.debug_line     0x00000000     0x1569
 *(.debug_line)
 .debug_line    0x00000000       0x66 ../nios_test_bsp//obj/HAL/src/crt0.o
 .debug_line    0x00000066      0x12d obj/default/hello_world_small.o
 .debug_line    0x00000193      0x211 ../nios_test_bsp/\libhal_bsp.a(alt_load.o)
 .debug_line    0x000003a4      0x2d0 ../nios_test_bsp/\libhal_bsp.a(alt_main.o)
 .debug_line    0x00000674      0x1d3 ../nios_test_bsp/\libhal_bsp.a(alt_putstr.o)
 .debug_line    0x00000847      0x297 ../nios_test_bsp/\libhal_bsp.a(alt_sys_init.o)
 .debug_line    0x00000ade      0x305 ../nios_test_bsp/\libhal_bsp.a(altera_avalon_jtag_uart_write.o)
 .debug_line    0x00000de3      0x1af ../nios_test_bsp/\libhal_bsp.a(alt_dcache_flush_all.o)
 .debug_line    0x00000f92      0x1af ../nios_test_bsp/\libhal_bsp.a(alt_icache_flush_all.o)
 .debug_line    0x00001141      0x1e1 ../nios_test_bsp/\libhal_bsp.a(altera_nios2_qsys_irq.o)
 .debug_line    0x00001322      0x247 c:/altera/13.0/nios2eds/bin/gnu/h-i686-mingw32/bin/../lib/gcc/nios2-elf/4.1.2/../../../../nios2-elf/lib/mno-hw-mul\libsmallc.a(lib_a-strlen.o)

.debug_frame    0x00000000      0x188
 *(.debug_frame)
 .debug_frame   0x00000000       0x28 obj/default/hello_world_small.o
 .debug_frame   0x00000028       0x38 ../nios_test_bsp/\libhal_bsp.a(alt_load.o)
 .debug_frame   0x00000060       0x28 ../nios_test_bsp/\libhal_bsp.a(alt_main.o)
 .debug_frame   0x00000088       0x28 ../nios_test_bsp/\libhal_bsp.a(alt_putstr.o)
 .debug_frame   0x000000b0       0x38 ../nios_test_bsp/\libhal_bsp.a(alt_sys_init.o)
 .debug_frame   0x000000e8       0x20 ../nios_test_bsp/\libhal_bsp.a(altera_avalon_jtag_uart_write.o)
 .debug_frame   0x00000108       0x20 ../nios_test_bsp/\libhal_bsp.a(alt_dcache_flush_all.o)
 .debug_frame   0x00000128       0x20 ../nios_test_bsp/\libhal_bsp.a(alt_icache_flush_all.o)
 .debug_frame   0x00000148       0x20 ../nios_test_bsp/\libhal_bsp.a(altera_nios2_qsys_irq.o)
 .debug_frame   0x00000168       0x20 c:/altera/13.0/nios2eds/bin/gnu/h-i686-mingw32/bin/../lib/gcc/nios2-elf/4.1.2/../../../../nios2-elf/lib/mno-hw-mul\libsmallc.a(lib_a-strlen.o)

.debug_str      0x00000000      0x502
 *(.debug_str)
 .debug_str     0x00000000       0xa2 obj/default/hello_world_small.o
                                 0xdb (size before relaxing)
 .debug_str     0x000000a2      0x121 ../nios_test_bsp/\libhal_bsp.a(alt_load.o)
                                0x1b6 (size before relaxing)
 .debug_str     0x000001c3       0x96 ../nios_test_bsp/\libhal_bsp.a(alt_main.o)
                                0x163 (size before relaxing)
 .debug_str     0x00000259       0x45 ../nios_test_bsp/\libhal_bsp.a(alt_putstr.o)
                                0x10a (size before relaxing)
 .debug_str     0x0000029e       0x85 ../nios_test_bsp/\libhal_bsp.a(alt_sys_init.o)
                                0x1c9 (size before relaxing)
 .debug_str     0x00000323       0x56 ../nios_test_bsp/\libhal_bsp.a(altera_avalon_jtag_uart_write.o)
                                0x1d3 (size before relaxing)
 .debug_str     0x00000379       0x34 ../nios_test_bsp/\libhal_bsp.a(alt_dcache_flush_all.o)
                                 0xf9 (size before relaxing)
 .debug_str     0x000003ad       0x34 ../nios_test_bsp/\libhal_bsp.a(alt_icache_flush_all.o)
                                 0xf9 (size before relaxing)
 .debug_str     0x000003e1       0x3b ../nios_test_bsp/\libhal_bsp.a(altera_nios2_qsys_irq.o)
                                0x129 (size before relaxing)
 .debug_str     0x0000041c       0xe6 c:/altera/13.0/nios2eds/bin/gnu/h-i686-mingw32/bin/../lib/gcc/nios2-elf/4.1.2/../../../../nios2-elf/lib/mno-hw-mul\libsmallc.a(lib_a-strlen.o)
                                0x181 (size before relaxing)

.debug_loc      0x00000000      0x11b
 *(.debug_loc)
 .debug_loc     0x00000000       0x1f obj/default/hello_world_small.o
 .debug_loc     0x0000001f       0x1f ../nios_test_bsp/\libhal_bsp.a(alt_load.o)
 .debug_loc     0x0000003e       0x1f ../nios_test_bsp/\libhal_bsp.a(alt_main.o)
 .debug_loc     0x0000005d       0x48 ../nios_test_bsp/\libhal_bsp.a(alt_putstr.o)
 .debug_loc     0x000000a5       0x32 ../nios_test_bsp/\libhal_bsp.a(alt_sys_init.o)
 .debug_loc     0x000000d7       0x26 ../nios_test_bsp/\libhal_bsp.a(altera_avalon_jtag_uart_write.o)
 .debug_loc     0x000000fd       0x1e c:/altera/13.0/nios2eds/bin/gnu/h-i686-mingw32/bin/../lib/gcc/nios2-elf/4.1.2/../../../../nios2-elf/lib/mno-hw-mul\libsmallc.a(lib_a-strlen.o)

.debug_macinfo
 *(.debug_macinfo)

.debug_weaknames
 *(.debug_weaknames)

.debug_funcnames
 *(.debug_funcnames)

.debug_typenames
 *(.debug_typenames)

.debug_varnames
 *(.debug_varnames)

.debug_alt_sim_info
                0x00000000       0x10
 *(.debug_alt_sim_info)
 .debug_alt_sim_info
                0x00000000       0x10 ../nios_test_bsp//obj/HAL/src/crt0.o
                0x00001000                __alt_data_end = 0x1000
                0x00001000                PROVIDE (__alt_stack_pointer, __alt_data_end)
                0x00000274                PROVIDE (__alt_stack_limit, __alt_stack_base)
                0x00000274                PROVIDE (__alt_heap_start, end)
                0x00001000                PROVIDE (__alt_heap_limit, 0x1000)
OUTPUT(nios_test.elf elf32-littlenios2)

.debug_ranges   0x00000000       0x20
 .debug_ranges  0x00000000       0x20 ../nios_test_bsp//obj/HAL/src/crt0.o
